172.20.0.1 - - [24/Apr/2018:14:23:02 +0000] "GET /wp-content/themes/networkmap/js/jquery.scrolldepth.min.js?ver=1.14.0 HTTP/1.1" 304 0 "http://localhost/explore/" "Mozilla/5.0 (Macintosh; Intel Mac OS X 10.12; rv:59.0) Gecko/20100101 Firefox/59.0"
172.20.0.1 - - [24/Apr/2018:14:23:02 +0000] "GET /wp-content/themes/networkmap/js/tooltipster.bundle.min.js?ver=1.0.0 HTTP/1.1" 304 0 "http://localhost/explore/" "Mozilla/5.0 (Macintosh; Intel Mac OS X 10.12; rv:59.0) Gecko/20100101 Firefox/59.0"
172.20.0.1 - - [24/Apr/2018:14:23:02 +0000] "GET /wp-content/themes/networkmap/js/main.js?ver=1.1.22 HTTP/1.1" 304 0 "http://localhost/explore/" "Mozilla/5.0 (Macintosh; Intel Mac OS X 10.12; rv:59.0) Gecko/20100101 Firefox/59.0"
172.20.0.1 - - [24/Apr/2018:14:23:02 +0000] "GET /wp-includes/js/comment-reply.min.js?ver=4.9.2 HTTP/1.1" 304 0 "http://localhost/explore/" "Mozilla/5.0 (Macintosh; Intel Mac OS X 10.12; rv:59.0) Gecko/20100101 Firefox/59.0"
172.20.0.1 - - [24/Apr/2018:14:23:02 +0000] "GET /wp-content/themes/networkmap/js/explore.min.js?ver=1.1.22 HTTP/1.1" 304 0 "http://localhost/explore/" "Mozilla/5.0 (Macintosh; Intel Mac OS X 10.12; rv:59.0) Gecko/20100101 Firefox/59.0"
172.20.0.1 - - [24/Apr/2018:14:23:02 +0000] "GET /wp-includes/js/imagesloaded.min.js?ver=3.2.0 HTTP/1.1" 304 0 "http://localhost/explore/" "Mozilla/5.0 (Macintosh; Intel Mac OS X 10.12; rv:59.0) Gecko/20100101 Firefox/59.0"
172.20.0.1 - - [24/Apr/2018:14:23:02 +0000] "GET /wp-includes/js/masonry.min.js?ver=3.3.2 HTTP/1.1" 304 0 "http://localhost/explore/" "Mozilla/5.0 (Macintosh; Intel Mac OS X 10.12; rv:59.0) Gecko/20100101 Firefox/59.0"
172.20.0.1 - - [24/Apr/2018:14:23:02 +0000] "GET /wp-includes/js/wp-embed.min.js?ver=4.9.2 HTTP/1.1" 304 0 "http://localhost/explore/" "Mozilla/5.0 (Macintosh; Intel Mac OS X 10.12; rv:59.0) Gecko/20100101 Firefox/59.0"
172.20.0.1 - - [24/Apr/2018:14:23:02 +0000] "GET /wp-content/themes/networkmap/js/jquery.plugin.js?ver=3.3.6 HTTP/1.1" 304 0 "http://localhost/explore/" "Mozilla/5.0 (Macintosh; Intel Mac OS X 10.12; rv:59.0) Gecko/20100101 Firefox/59.0"
172.20.0.1 - - [24/Apr/2018:14:23:02 +0000] "GET /wp-content/themes/networkmap/js/bootstrap.min.js?ver=3.3.5 HTTP/1.1" 304 0 "http://localhost/explore/" "Mozilla/5.0 (Macintosh; Intel Mac OS X 10.12; rv:59.0) Gecko/20100101 Firefox/59.0"
172.20.0.1 - - [24/Apr/2018:14:23:02 +0000] "GET /wp-content/themes/networkmap/js/cytoscape-spread.js?ver=2.7.15 HTTP/1.1" 304 0 "http://localhost/explore/" "Mozilla/5.0 (Macintosh; Intel Mac OS X 10.12; rv:59.0) Gecko/20100101 Firefox/59.0"
172.20.0.1 - - [24/Apr/2018:14:23:02 +0000] "GET /wp-content/themes/networkmap/js/vis.min.js?ver=4.18.1 HTTP/1.1" 304 0 "http://localhost/explore/" "Mozilla/5.0 (Macintosh; Intel Mac OS X 10.12; rv:59.0) Gecko/20100101 Firefox/59.0"
172.20.0.1 - - [24/Apr/2018:14:23:02 +0000] "GET /wp-content/themes/networkmap/js/Chart.min.js?ver=2.5.0 HTTP/1.1" 304 0 "http://localhost/explore/" "Mozilla/5.0 (Macintosh; Intel Mac OS X 10.12; rv:59.0) Gecko/20100101 Firefox/59.0"
172.20.0.1 - - [24/Apr/2018:14:23:02 +0000] "GET /wp-includes/js/wp-emoji-release.min.js?ver=4.9.2 HTTP/1.1" 304 0 "http://localhost/explore/" "Mozilla/5.0 (Macintosh; Intel Mac OS X 10.12; rv:59.0) Gecko/20100101 Firefox/59.0"
172.20.0.1 - - [24/Apr/2018:14:23:03 +0000] "GET /wp-content/themes/networkmap/images/beta-baldge.png HTTP/1.1" 304 0 "http://localhost/explore/" "Mozilla/5.0 (Macintosh; Intel Mac OS X 10.12; rv:59.0) Gecko/20100101 Firefox/59.0"
172.20.0.1 - - [24/Apr/2018:14:23:03 +0000] "GET /wp-content/themes/networkmap/images/nav-closeicon.svg HTTP/1.1" 304 0 "http://localhost/explore/" "Mozilla/5.0 (Macintosh; Intel Mac OS X 10.12; rv:59.0) Gecko/20100101 Firefox/59.0"
172.20.0.1 - - [24/Apr/2018:14:23:03 +0000] "GET /wp-content/themes/networkmap/images/nav-icon.svg HTTP/1.1" 304 0 "http://localhost/explore/" "Mozilla/5.0 (Macintosh; Intel Mac OS X 10.12; rv:59.0) Gecko/20100101 Firefox/59.0"
172.20.0.1 - - [24/Apr/2018:14:23:03 +0000] "GET /wp-content/themes/networkmap/images/logo-gray.png HTTP/1.1" 304 0 "http://localhost/explore/" "Mozilla/5.0 (Macintosh; Intel Mac OS X 10.12; rv:59.0) Gecko/20100101 Firefox/59.0"
172.20.0.1 - - [24/Apr/2018:14:23:03 +0000] "GET /wp-content/themes/networkmap/images/main-logo.svg HTTP/1.1" 304 0 "http://localhost/explore/" "Mozilla/5.0 (Macintosh; Intel Mac OS X 10.12; rv:59.0) Gecko/20100101 Firefox/59.0"
172.20.0.1 - - [24/Apr/2018:14:23:03 +0000] "GET /wp-content/themes/networkmap/images/content/tour_map.png HTTP/1.1" 304 0 "http://localhost/explore/" "Mozilla/5.0 (Macintosh; Intel Mac OS X 10.12; rv:59.0) Gecko/20100101 Firefox/59.0"
172.20.0.1 - - [24/Apr/2018:14:23:03 +0000] "GET /wp-content/themes/networkmap/images/big_checkbox.svg HTTP/1.1" 304 0 "http://localhost/explore/" "Mozilla/5.0 (Macintosh; Intel Mac OS X 10.12; rv:59.0) Gecko/20100101 Firefox/59.0"
172.20.0.1 - - [24/Apr/2018:14:23:03 +0000] "GET /wp-content/themes/networkmap/images/big_checkbox_checked.svg HTTP/1.1" 304 0 "http://localhost/explore/" "Mozilla/5.0 (Macintosh; Intel Mac OS X 10.12; rv:59.0) Gecko/20100101 Firefox/59.0"
172.20.0.1 - - [24/Apr/2018:14:23:03 +0000] "GET /wp-content/themes/networkmap/images//nodes_map_graph.svg HTTP/1.1" 304 0 "http://localhost/explore/" "Mozilla/5.0 (Macintosh; Intel Mac OS X 10.12; rv:59.0) Gecko/20100101 Firefox/59.0"
172.20.0.1 - - [24/Apr/2018:14:23:03 +0000] "GET /wp-content/themes/networkmap/images/case-foundation-logo-grey.svg HTTP/1.1" 304 0 "http://localhost/explore/" "Mozilla/5.0 (Macintosh; Intel Mac OS X 10.12; rv:59.0) Gecko/20100101 Firefox/59.0"
172.20.0.1 - - [24/Apr/2018:14:23:03 +0000] "GET /wp-content/themes/networkmap/images/crunchbase-grey.svg HTTP/1.1" 304 0 "http://localhost/explore/" "Mozilla/5.0 (Macintosh; Intel Mac OS X 10.12; rv:59.0) Gecko/20100101 Firefox/59.0"
172.20.0.1 - - [24/Apr/2018:14:23:03 +0000] "GET /wp-content/themes/networkmap/images/Impact-Space-Logo-grey.svg HTTP/1.1" 304 0 "http://localhost/explore/" "Mozilla/5.0 (Macintosh; Intel Mac OS X 10.12; rv:59.0) Gecko/20100101 Firefox/59.0"
172.20.0.1 - - [24/Apr/2018:14:23:03 +0000] "GET /wp-content/themes/networkmap/images/content/alert.svg?v=1 HTTP/1.1" 304 0 "http://localhost/explore/" "Mozilla/5.0 (Macintosh; Intel Mac OS X 10.12; rv:59.0) Gecko/20100101 Firefox/59.0"
172.20.0.1 - - [24/Apr/2018:14:23:03 +0000] "GET /wp-content/themes/networkmap/images/search-icon.svg HTTP/1.1" 304 0 "http://localhost/wp-content/themes/networkmap/css/style.css?ver=1.1.6" "Mozilla/5.0 (Macintosh; Intel Mac OS X 10.12; rv:59.0) Gecko/20100101 Firefox/59.0"
127.0.0.1 - - [24/Apr/2018:14:23:07 +0000] "POST /wp-cron.php?doing_wp_cron=1524579786.2917120456695556640625 HTTP/1.1" 499 0 "http://localhost/wp-cron.php?doing_wp_cron=1524579786.2917120456695556640625" "WordPress/4.9.2; http://localhost"
127.0.0.1 - - [24/Apr/2018:14:23:07 +0000] "POST /wp-cron.php?doing_wp_cron=1524579786.2943279743194580078125 HTTP/1.1" 499 0 "http://localhost/wp-cron.php?doing_wp_cron=1524579786.2943279743194580078125" "WordPress/4.9.2; http://localhost"
172.20.0.1 - - [24/Apr/2018:14:23:07 +0000] "GET /wp-admin/admin-ajax.php?action=get_api_timestamp HTTP/1.1" 200 29 "http://localhost/explore/" "Mozilla/5.0 (Macintosh; Intel Mac OS X 10.12; rv:59.0) Gecko/20100101 Firefox/59.0"
172.20.0.1 - - [24/Apr/2018:14:23:07 +0000] "GET /wp-admin/admin-ajax.php?per_page=7000&action=get_graph&type=company&page=1&reviewed_only=false HTTP/1.1" 200 152 "http://localhost/explore/" "Mozilla/5.0 (Macintosh; Intel Mac OS X 10.12; rv:59.0) Gecko/20100101 Firefox/59.0"
127.0.0.1 - - [24/Apr/2018:14:23:07 +0000] "POST /wp-cron.php?doing_wp_cron=1524579786.3864130973815917968750 HTTP/1.1" 499 0 "http://localhost/wp-cron.php?doing_wp_cron=1524579786.3864130973815917968750" "WordPress/4.9.2; http://localhost"
172.20.0.1 - - [24/Apr/2018:14:23:07 +0000] "GET /wp-admin/admin-ajax.php?per_page=7000&action=get_data&type=company&page=1&reviewed_only=false HTTP/1.1" 200 233 "http://localhost/explore/" "Mozilla/5.0 (Macintosh; Intel Mac OS X 10.12; rv:59.0) Gecko/20100101 Firefox/59.0"
127.0.0.1 - - [24/Apr/2018:14:25:59 +0000] "POST /wp-cron.php?doing_wp_cron=1524579958.1547079086303710937500 HTTP/1.1" 499 0 "http://localhost/wp-cron.php?doing_wp_cron=1524579958.1547079086303710937500" "WordPress/4.9.2; http://localhost"
172.20.0.1 - - [24/Apr/2018:14:25:59 +0000] "GET /wp-content/themes/networkmap/css/vendor/font-awesome/font-awesome.css?ver=4.6.5 HTTP/1.1" 200 36743 "http://localhost/explore/" "Mozilla/5.0 (Macintosh; Intel Mac OS X 10.12; rv:59.0) Gecko/20100101 Firefox/59.0"
172.20.0.1 - - [24/Apr/2018:14:25:59 +0000] "GET /wp-content/themes/networkmap/css/vendor/jquery-ui.min.css?ver=1.2.3 HTTP/1.1" 200 32076 "http://localhost/explore/" "Mozilla/5.0 (Macintosh; Intel Mac OS X 10.12; rv:59.0) Gecko/20100101 Firefox/59.0"
172.20.0.1 - - [24/Apr/2018:14:25:59 +0000] "GET /wp-content/themes/networkmap/css/vendor/tooltipster.bundle.min.css?ver=1.0.0 HTTP/1.1" 200 6495 "http://localhost/explore/" "Mozilla/5.0 (Macintosh; Intel Mac OS X 10.12; rv:59.0) Gecko/20100101 Firefox/59.0"
172.20.0.1 - - [24/Apr/2018:14:25:59 +0000] "GET /wp-content/themes/networkmap/css/nm-icons.css?ver=1.1.6 HTTP/1.1" 200 1078 "http://localhost/explore/" "Mozilla/5.0 (Macintosh; Intel Mac OS X 10.12; rv:59.0) Gecko/20100101 Firefox/59.0"
172.20.0.1 - - [24/Apr/2018:14:25:59 +0000] "GET /wp-content/themes/networkmap/css/vendor//bootstrap-table.css?ver=4.6.3 HTTP/1.1" 200 6984 "http://localhost/explore/" "Mozilla/5.0 (Macintosh; Intel Mac OS X 10.12; rv:59.0) Gecko/20100101 Firefox/59.0"
172.20.0.1 - - [24/Apr/2018:14:25:59 +0000] "GET /wp-content/themes/networkmap/css/vendor/alchemy.min.css?ver=0.4.2 HTTP/1.1" 200 11861 "http://localhost/explore/" "Mozilla/5.0 (Macintosh; Intel Mac OS X 10.12; rv:59.0) Gecko/20100101 Firefox/59.0"
172.20.0.1 - - [24/Apr/2018:14:25:59 +0000] "GET /wp-content/themes/networkmap/css/vendor/vendor.css?ver=0.4.1 HTTP/1.1" 200 99349 "http://localhost/explore/" "Mozilla/5.0 (Macintosh; Intel Mac OS X 10.12; rv:59.0) Gecko/20100101 Firefox/59.0"
172.20.0.1 - - [24/Apr/2018:14:25:59 +0000] "GET /wp-content/themes/networkmap/css/vendor/jquery.modal.css?ver=1.2.3 HTTP/1.1" 200 18502 "http://localhost/explore/" "Mozilla/5.0 (Macintosh; Intel Mac OS X 10.12; rv:59.0) Gecko/20100101 Firefox/59.0"
172.20.0.1 - - [24/Apr/2018:14:25:59 +0000] "GET /explore/ HTTP/1.1" 200 32376 "http://localhost/" "Mozilla/5.0 (Macintosh; Intel Mac OS X 10.12; rv:59.0) Gecko/20100101 Firefox/59.0"
172.20.0.1 - - [24/Apr/2018:14:25:59 +0000] "GET /wp-content/themes/networkmap/css/style.css?ver=1.1.6 HTTP/1.1" 200 229998 "http://localhost/explore/" "Mozilla/5.0 (Macintosh; Intel Mac OS X 10.12; rv:59.0) Gecko/20100101 Firefox/59.0"
172.20.0.1 - - [24/Apr/2018:14:25:59 +0000] "GET /wp-content/themes/networkmap/js/sigma/sigma.min.js?ver=1.2.0 HTTP/1.1" 200 115618 "http://localhost/explore/" "Mozilla/5.0 (Macintosh; Intel Mac OS X 10.12; rv:59.0) Gecko/20100101 Firefox/59.0"
172.20.0.1 - - [24/Apr/2018:14:25:59 +0000] "GET /wp-content/themes/networkmap/js/sigma/plugins/sigma.plugins.animate.min.js?ver=4.9.2 HTTP/1.1" 200 1982 "http://localhost/explore/" "Mozilla/5.0 (Macintosh; Intel Mac OS X 10.12; rv:59.0) Gecko/20100101 Firefox/59.0"
172.20.0.1 - - [24/Apr/2018:14:25:59 +0000] "GET /wp-content/themes/networkmap/js/sigma/plugins/sigma.layout.forceAtlas2.min.js?ver=4.9.2 HTTP/1.1" 200 11585 "http://localhost/explore/" "Mozilla/5.0 (Macintosh; Intel Mac OS X 10.12; rv:59.0) Gecko/20100101 Firefox/59.0"
172.20.0.1 - - [24/Apr/2018:14:25:59 +0000] "GET /wp-content/themes/networkmap/js/migrate.min.js?ver=3.3.5 HTTP/1.1" 200 7085 "http://localhost/explore/" "Mozilla/5.0 (Macintosh; Intel Mac OS X 10.12; rv:59.0) Gecko/20100101 Firefox/59.0"
172.20.0.1 - - [24/Apr/2018:14:25:59 +0000] "GET /wp-content/themes/networkmap/js/bootstrap.min.js?ver=3.3.5 HTTP/1.1" 200 36920 "http://localhost/explore/" "Mozilla/5.0 (Macintosh; Intel Mac OS X 10.12; rv:59.0) Gecko/20100101 Firefox/59.0"
172.20.0.1 - - [24/Apr/2018:14:25:59 +0000] "GET /wp-content/themes/networkmap/js/jquery.plugin.js?ver=3.3.6 HTTP/1.1" 200 7307 "http://localhost/explore/" "Mozilla/5.0 (Macintosh; Intel Mac OS X 10.12; rv:59.0) Gecko/20100101 Firefox/59.0"
172.20.0.1 - - [24/Apr/2018:14:25:59 +0000] "GET /wp-content/themes/networkmap/js/jquery.debouncedresize.js?ver=3.3.5 HTTP/1.1" 200 346 "http://localhost/explore/" "Mozilla/5.0 (Macintosh; Intel Mac OS X 10.12; rv:59.0) Gecko/20100101 Firefox/59.0"
172.20.0.1 - - [24/Apr/2018:14:25:59 +0000] "GET /wp-content/themes/networkmap/js/bootstrap-table.js?ver=0.4.2 HTTP/1.1" 200 107869 "http://localhost/explore/" "Mozilla/5.0 (Macintosh; Intel Mac OS X 10.12; rv:59.0) Gecko/20100101 Firefox/59.0"
172.20.0.1 - - [24/Apr/2018:14:25:59 +0000] "GET /wp-content/themes/networkmap/js/jquery.modal.js?ver=1.2.3 HTTP/1.1" 200 8926 "http://localhost/explore/" "Mozilla/5.0 (Macintosh; Intel Mac OS X 10.12; rv:59.0) Gecko/20100101 Firefox/59.0"
172.20.0.1 - - [24/Apr/2018:14:25:59 +0000] "GET /wp-content/themes/networkmap/js/Chart.min.js?ver=2.5.0 HTTP/1.1" 200 152638 "http://localhost/explore/" "Mozilla/5.0 (Macintosh; Intel Mac OS X 10.12; rv:59.0) Gecko/20100101 Firefox/59.0"
172.20.0.1 - - [24/Apr/2018:14:25:59 +0000] "GET /wp-content/themes/networkmap/js/vis.min.js?ver=4.18.1 HTTP/1.1" 200 660032 "http://localhost/explore/" "Mozilla/5.0 (Macintosh; Intel Mac OS X 10.12; rv:59.0) Gecko/20100101 Firefox/59.0"
172.20.0.1 - - [24/Apr/2018:14:25:59 +0000] "GET /wp-content/themes/networkmap/js/cytoscape.min.js?ver=2.7.15 HTTP/1.1" 200 301985 "http://localhost/explore/" "Mozilla/5.0 (Macintosh; Intel Mac OS X 10.12; rv:59.0) Gecko/20100101 Firefox/59.0"
172.20.0.1 - - [24/Apr/2018:14:25:59 +0000] "GET /wp-content/themes/networkmap/js/cola.v3.min.js?ver=2.7.15 HTTP/1.1" 200 60375 "http://localhost/explore/" "Mozilla/5.0 (Macintosh; Intel Mac OS X 10.12; rv:59.0) Gecko/20100101 Firefox/59.0"
172.20.0.1 - - [24/Apr/2018:14:25:59 +0000] "GET /wp-content/themes/networkmap/js/cytoscape-cola.js?ver=2.7.15 HTTP/1.1" 200 15891 "http://localhost/explore/" "Mozilla/5.0 (Macintosh; Intel Mac OS X 10.12; rv:59.0) Gecko/20100101 Firefox/59.0"
172.20.0.1 - - [24/Apr/2018:14:25:59 +0000] "GET /wp-content/themes/networkmap/js/cytoscape-spread.js?ver=2.7.15 HTTP/1.1" 200 242523 "http://localhost/explore/" "Mozilla/5.0 (Macintosh; Intel Mac OS X 10.12; rv:59.0) Gecko/20100101 Firefox/59.0"
172.20.0.1 - - [24/Apr/2018:14:25:59 +0000] "GET /wp-content/themes/networkmap/js/jquery.validate.min.js?ver=1.14.0 HTTP/1.1" 200 21090 "http://localhost/explore/" "Mozilla/5.0 (Macintosh; Intel Mac OS X 10.12; rv:59.0) Gecko/20100101 Firefox/59.0"
172.20.0.1 - - [24/Apr/2018:14:25:59 +0000] "GET /wp-content/themes/networkmap/js/loader.js?ver=1.14.0 HTTP/1.1" 200 109586 "http://localhost/explore/" "Mozilla/5.0 (Macintosh; Intel Mac OS X 10.12; rv:59.0) Gecko/20100101 Firefox/59.0"
172.20.0.1 - - [24/Apr/2018:14:25:59 +0000] "GET /wp-content/themes/networkmap/js/zingchart.min.js?ver=1.14.0 HTTP/1.1" 200 670420 "http://localhost/explore/" "Mozilla/5.0 (Macintosh; Intel Mac OS X 10.12; rv:59.0) Gecko/20100101 Firefox/59.0"
172.20.0.1 - - [24/Apr/2018:14:25:59 +0000] "GET /wp-content/themes/networkmap/js/jquery.scrollTo.min.js?ver=1.14.0 HTTP/1.1" 200 2261 "http://localhost/explore/" "Mozilla/5.0 (Macintosh; Intel Mac OS X 10.12; rv:59.0) Gecko/20100101 Firefox/59.0"
172.20.0.1 - - [24/Apr/2018:14:25:59 +0000] "GET /wp-content/themes/networkmap/js/jquery.matchHeight.js?ver=1.14.0 HTTP/1.1" 200 3027 "http://localhost/explore/" "Mozilla/5.0 (Macintosh; Intel Mac OS X 10.12; rv:59.0) Gecko/20100101 Firefox/59.0"
172.20.0.1 - - [24/Apr/2018:14:25:59 +0000] "GET /wp-content/themes/networkmap/js/typed.min.js?ver=1.14.0 HTTP/1.1" 200 3949 "http://localhost/explore/" "Mozilla/5.0 (Macintosh; Intel Mac OS X 10.12; rv:59.0) Gecko/20100101 Firefox/59.0"
172.20.0.1 - - [24/Apr/2018:14:25:59 +0000] "GET /wp-content/themes/networkmap/js/jquery.cookie.js?ver=1.14.0 HTTP/1.1" 200 3140 "http://localhost/explore/" "Mozilla/5.0 (Macintosh; Intel Mac OS X 10.12; rv:59.0) Gecko/20100101 Firefox/59.0"
172.20.0.1 - - [24/Apr/2018:14:25:59 +0000] "GET /wp-content/themes/networkmap/js/jquery-ui.min.js?ver=1.14.0 HTTP/1.1" 200 253669 "http://localhost/explore/" "Mozilla/5.0 (Macintosh; Intel Mac OS X 10.12; rv:59.0) Gecko/20100101 Firefox/59.0"
172.20.0.1 - - [24/Apr/2018:14:25:59 +0000] "GET /wp-content/themes/networkmap/js/jquery.scrolldepth.min.js?ver=1.14.0 HTTP/1.1" 200 3511 "http://localhost/explore/" "Mozilla/5.0 (Macintosh; Intel Mac OS X 10.12; rv:59.0) Gecko/20100101 Firefox/59.0"
172.20.0.1 - - [24/Apr/2018:14:25:59 +0000] "GET /wp-content/themes/networkmap/js/tooltipster.bundle.min.js?ver=1.0.0 HTTP/1.1" 200 39802 "http://localhost/explore/" "Mozilla/5.0 (Macintosh; Intel Mac OS X 10.12; rv:59.0) Gecko/20100101 Firefox/59.0"
172.20.0.1 - - [24/Apr/2018:14:25:59 +0000] "GET /wp-content/themes/networkmap/js/main.js?ver=1.1.22 HTTP/1.1" 200 13409 "http://localhost/explore/" "Mozilla/5.0 (Macintosh; Intel Mac OS X 10.12; rv:59.0) Gecko/20100101 Firefox/59.0"
172.20.0.1 - - [24/Apr/2018:14:25:59 +0000] "GET /wp-includes/js/comment-reply.min.js?ver=4.9.2 HTTP/1.1" 200 1078 "http://localhost/explore/" "Mozilla/5.0 (Macintosh; Intel Mac OS X 10.12; rv:59.0) Gecko/20100101 Firefox/59.0"
172.20.0.1 - - [24/Apr/2018:14:25:59 +0000] "GET /wp-content/themes/networkmap/js/explore.min.js?ver=1.1.22 HTTP/1.1" 200 44761 "http://localhost/explore/" "Mozilla/5.0 (Macintosh; Intel Mac OS X 10.12; rv:59.0) Gecko/20100101 Firefox/59.0"
172.20.0.1 - - [24/Apr/2018:14:25:59 +0000] "GET /wp-includes/js/imagesloaded.min.js?ver=3.2.0 HTTP/1.1" 200 7994 "http://localhost/explore/" "Mozilla/5.0 (Macintosh; Intel Mac OS X 10.12; rv:59.0) Gecko/20100101 Firefox/59.0"
172.20.0.1 - - [24/Apr/2018:14:25:59 +0000] "GET /wp-includes/js/masonry.min.js?ver=3.3.2 HTTP/1.1" 200 28954 "http://localhost/explore/" "Mozilla/5.0 (Macintosh; Intel Mac OS X 10.12; rv:59.0) Gecko/20100101 Firefox/59.0"
172.20.0.1 - - [24/Apr/2018:14:25:59 +0000] "GET /wp-includes/js/wp-embed.min.js?ver=4.9.2 HTTP/1.1" 200 1398 "http://localhost/explore/" "Mozilla/5.0 (Macintosh; Intel Mac OS X 10.12; rv:59.0) Gecko/20100101 Firefox/59.0"
172.20.0.1 - - [24/Apr/2018:14:25:59 +0000] "GET /wp-includes/js/wp-emoji-release.min.js?ver=4.9.2 HTTP/1.1" 200 11915 "http://localhost/explore/" "Mozilla/5.0 (Macintosh; Intel Mac OS X 10.12; rv:59.0) Gecko/20100101 Firefox/59.0"
172.20.0.1 - - [24/Apr/2018:14:25:59 +0000] "GET /wp-content/plugins/google-analytics-for-wordpress/assets/js/frontend.min.js?ver=6.2.6 HTTP/1.1" 200 7189 "http://localhost/explore/" "Mozilla/5.0 (Macintosh; Intel Mac OS X 10.12; rv:59.0) Gecko/20100101 Firefox/59.0"
172.20.0.1 - - [24/Apr/2018:14:25:59 +0000] "GET /wp-includes/js/jquery/jquery-migrate.min.js?ver=1.4.1 HTTP/1.1" 200 10056 "http://localhost/explore/" "Mozilla/5.0 (Macintosh; Intel Mac OS X 10.12; rv:59.0) Gecko/20100101 Firefox/59.0"
172.20.0.1 - - [24/Apr/2018:14:25:59 +0000] "GET /wp-includes/js/jquery/jquery.js?ver=1.12.4 HTTP/1.1" 200 97184 "http://localhost/explore/" "Mozilla/5.0 (Macintosh; Intel Mac OS X 10.12; rv:59.0) Gecko/20100101 Firefox/59.0"
172.20.0.1 - - [24/Apr/2018:14:25:59 +0000] "GET /wp-content/themes/networkmap/js/react.min.js?ver=1.6.1 HTTP/1.1" 200 135618 "http://localhost/explore/" "Mozilla/5.0 (Macintosh; Intel Mac OS X 10.12; rv:59.0) Gecko/20100101 Firefox/59.0"
172.20.0.1 - - [24/Apr/2018:14:25:59 +0000] "GET /wp-content/themes/networkmap/js/react-dom.min.js?ver=1.6.1 HTTP/1.1" 200 706 "http://localhost/explore/" "Mozilla/5.0 (Macintosh; Intel Mac OS X 10.12; rv:59.0) Gecko/20100101 Firefox/59.0"
172.20.0.1 - - [24/Apr/2018:14:26:00 +0000] "GET /wp-content/themes/networkmap/images/nav-icon.svg HTTP/1.1" 200 259 "http://localhost/explore/" "Mozilla/5.0 (Macintosh; Intel Mac OS X 10.12; rv:59.0) Gecko/20100101 Firefox/59.0"
172.20.0.1 - - [24/Apr/2018:14:26:00 +0000] "GET /wp-content/themes/networkmap/images/beta-baldge.png HTTP/1.1" 200 2868 "http://localhost/explore/" "Mozilla/5.0 (Macintosh; Intel Mac OS X 10.12; rv:59.0) Gecko/20100101 Firefox/59.0"
172.20.0.1 - - [24/Apr/2018:14:26:00 +0000] "GET /wp-content/themes/networkmap/images/nav-closeicon.svg HTTP/1.1" 200 240 "http://localhost/explore/" "Mozilla/5.0 (Macintosh; Intel Mac OS X 10.12; rv:59.0) Gecko/20100101 Firefox/59.0"
172.20.0.1 - - [24/Apr/2018:14:26:00 +0000] "GET /wp-content/themes/networkmap/images/logo-gray.png HTTP/1.1" 200 56082 "http://localhost/explore/" "Mozilla/5.0 (Macintosh; Intel Mac OS X 10.12; rv:59.0) Gecko/20100101 Firefox/59.0"
172.20.0.1 - - [24/Apr/2018:14:26:00 +0000] "GET /wp-content/themes/networkmap/images/main-logo.svg HTTP/1.1" 200 11736 "http://localhost/explore/" "Mozilla/5.0 (Macintosh; Intel Mac OS X 10.12; rv:59.0) Gecko/20100101 Firefox/59.0"
172.20.0.1 - - [24/Apr/2018:14:26:00 +0000] "GET /wp-content/themes/networkmap/images/content/tour_map.png HTTP/1.1" 200 192897 "http://localhost/explore/" "Mozilla/5.0 (Macintosh; Intel Mac OS X 10.12; rv:59.0) Gecko/20100101 Firefox/59.0"
172.20.0.1 - - [24/Apr/2018:14:26:00 +0000] "GET /wp-content/themes/networkmap/fonts/Gotham.otf HTTP/1.1" 200 21528 "http://localhost/wp-content/themes/networkmap/css/style.css?ver=1.1.6" "Mozilla/5.0 (Macintosh; Intel Mac OS X 10.12; rv:59.0) Gecko/20100101 Firefox/59.0"
172.20.0.1 - - [24/Apr/2018:14:26:00 +0000] "GET /wp-content/themes/networkmap/images/case-foundation-logo-grey.svg HTTP/1.1" 200 5854 "http://localhost/explore/" "Mozilla/5.0 (Macintosh; Intel Mac OS X 10.12; rv:59.0) Gecko/20100101 Firefox/59.0"
172.20.0.1 - - [24/Apr/2018:14:26:00 +0000] "GET /wp-content/themes/networkmap/images/Impact-Space-Logo-grey.svg HTTP/1.1" 200 3549 "http://localhost/explore/" "Mozilla/5.0 (Macintosh; Intel Mac OS X 10.12; rv:59.0) Gecko/20100101 Firefox/59.0"
172.20.0.1 - - [24/Apr/2018:14:26:00 +0000] "GET /wp-content/themes/networkmap/images/crunchbase-grey.svg HTTP/1.1" 200 7913 "http://localhost/explore/" "Mozilla/5.0 (Macintosh; Intel Mac OS X 10.12; rv:59.0) Gecko/20100101 Firefox/59.0"
172.20.0.1 - - [24/Apr/2018:14:26:00 +0000] "GET /wp-content/themes/networkmap/fonts/gothambook.ttf HTTP/1.1" 200 59004 "http://localhost/wp-content/themes/networkmap/css/style.css?ver=1.1.6" "Mozilla/5.0 (Macintosh; Intel Mac OS X 10.12; rv:59.0) Gecko/20100101 Firefox/59.0"
172.20.0.1 - - [24/Apr/2018:14:26:00 +0000] "GET /wp-content/themes/networkmap/fonts/Gotham-Medium.otf HTTP/1.1" 200 21684 "http://localhost/wp-content/themes/networkmap/css/style.css?ver=1.1.6" "Mozilla/5.0 (Macintosh; Intel Mac OS X 10.12; rv:59.0) Gecko/20100101 Firefox/59.0"
172.20.0.1 - - [24/Apr/2018:14:26:00 +0000] "GET /wp-content/themes/networkmap/images/big_checkbox_checked.svg HTTP/1.1" 200 1054 "http://localhost/explore/" "Mozilla/5.0 (Macintosh; Intel Mac OS X 10.12; rv:59.0) Gecko/20100101 Firefox/59.0"
172.20.0.1 - - [24/Apr/2018:14:26:00 +0000] "GET /wp-content/themes/networkmap/images/big_checkbox.svg HTTP/1.1" 200 694 "http://localhost/explore/" "Mozilla/5.0 (Macintosh; Intel Mac OS X 10.12; rv:59.0) Gecko/20100101 Firefox/59.0"
172.20.0.1 - - [24/Apr/2018:14:26:00 +0000] "GET /wp-content/themes/networkmap/images//nodes_map_graph.svg HTTP/1.1" 200 23904 "http://localhost/explore/" "Mozilla/5.0 (Macintosh; Intel Mac OS X 10.12; rv:59.0) Gecko/20100101 Firefox/59.0"
172.20.0.1 - - [24/Apr/2018:14:26:00 +0000] "GET /wp-content/themes/networkmap/images/content/alert.svg?v=1 HTTP/1.1" 200 1499 "http://localhost/explore/" "Mozilla/5.0 (Macintosh; Intel Mac OS X 10.12; rv:59.0) Gecko/20100101 Firefox/59.0"
172.20.0.1 - - [24/Apr/2018:14:26:00 +0000] "GET /wp-content/themes/networkmap/fonts/nm-icons.ttf?67hyaz HTTP/1.1" 200 3836 "http://localhost/wp-content/themes/networkmap/css/nm-icons.css?ver=1.1.6" "Mozilla/5.0 (Macintosh; Intel Mac OS X 10.12; rv:59.0) Gecko/20100101 Firefox/59.0"
172.20.0.1 - - [24/Apr/2018:14:26:00 +0000] "GET /wp-content/themes/networkmap/images/search-icon.svg HTTP/1.1" 200 333 "http://localhost/wp-content/themes/networkmap/css/style.css?ver=1.1.6" "Mozilla/5.0 (Macintosh; Intel Mac OS X 10.12; rv:59.0) Gecko/20100101 Firefox/59.0"
172.20.0.1 - - [24/Apr/2018:14:26:00 +0000] "GET /wp-content/themes/networkmap/fonts/fontawesome-webfont.woff2?v=4.6.3 HTTP/1.1" 200 71896 "http://localhost/wp-content/themes/networkmap/css/vendor/font-awesome/font-awesome.css?ver=4.6.5" "Mozilla/5.0 (Macintosh; Intel Mac OS X 10.12; rv:59.0) Gecko/20100101 Firefox/59.0"
127.0.0.1 - - [24/Apr/2018:14:26:04 +0000] "POST /wp-cron.php?doing_wp_cron=1524579963.1010990142822265625000 HTTP/1.1" 499 0 "http://localhost/wp-cron.php?doing_wp_cron=1524579963.1010990142822265625000" "WordPress/4.9.2; http://localhost"
127.0.0.1 - - [24/Apr/2018:14:26:04 +0000] "POST /wp-cron.php?doing_wp_cron=1524579963.0981750488281250000000 HTTP/1.1" 499 0 "http://localhost/wp-cron.php?doing_wp_cron=1524579963.0981750488281250000000" "WordPress/4.9.2; http://localhost"
172.20.0.1 - - [24/Apr/2018:14:26:04 +0000] "GET /wp-admin/admin-ajax.php?per_page=7000&action=get_graph&type=company&page=1&reviewed_only=false HTTP/1.1" 200 152 "http://localhost/explore/" "Mozilla/5.0 (Macintosh; Intel Mac OS X 10.12; rv:59.0) Gecko/20100101 Firefox/59.0"
172.20.0.1 - - [24/Apr/2018:14:26:04 +0000] "GET /wp-admin/admin-ajax.php?per_page=7000&action=get_data&type=company&page=1&reviewed_only=false HTTP/1.1" 200 233 "http://localhost/explore/" "Mozilla/5.0 (Macintosh; Intel Mac OS X 10.12; rv:59.0) Gecko/20100101 Firefox/59.0"
127.0.0.1 - - [24/Apr/2018:14:26:04 +0000] "POST /wp-cron.php?doing_wp_cron=1524579963.6523809432983398437500 HTTP/1.1" 499 0 "http://localhost/wp-cron.php?doing_wp_cron=1524579963.6523809432983398437500" "WordPress/4.9.2; http://localhost"
172.20.0.1 - - [24/Apr/2018:14:26:04 +0000] "GET /wp-admin/admin-ajax.php?action=get_api_timestamp HTTP/1.1" 200 29 "http://localhost/explore/" "Mozilla/5.0 (Macintosh; Intel Mac OS X 10.12; rv:59.0) Gecko/20100101 Firefox/59.0"
127.0.0.1 - - [24/Apr/2018:14:26:41 +0000] "POST /wp-cron.php?doing_wp_cron=1524580000.4285900592803955078125 HTTP/1.1" 499 0 "http://localhost/wp-cron.php?doing_wp_cron=1524580000.4285900592803955078125" "WordPress/4.9.2; http://localhost"
172.20.0.1 - - [24/Apr/2018:14:26:41 +0000] "GET /wp-admin/admin-ajax.php?per_page=7000&action=get_graph&type=company&page=1&reviewed_only=false HTTP/1.1" 200 152 "-" "Mozilla/5.0 (Macintosh; Intel Mac OS X 10.12; rv:59.0) Gecko/20100101 Firefox/59.0"
127.0.0.1 - - [24/Apr/2018:14:26:46 +0000] "POST /wp-cron.php?doing_wp_cron=1524580005.9153819084167480468750 HTTP/1.1" 499 0 "http://localhost/wp-cron.php?doing_wp_cron=1524580005.9153819084167480468750" "WordPress/4.9.2; http://localhost"
172.20.0.1 - - [24/Apr/2018:14:26:46 +0000] "GET /wp-admin/admin-ajax.php?per_page=7000&action=get_graph&type=company&page=1&reviewed_only=false HTTP/1.1" 200 152 "-" "Mozilla/5.0 (Macintosh; Intel Mac OS X 10.12; rv:59.0) Gecko/20100101 Firefox/59.0"
127.0.0.1 - - [24/Apr/2018:14:27:31 +0000] "POST /wp-cron.php?doing_wp_cron=1524580050.5756309032440185546875 HTTP/1.1" 200 5 "http://localhost/wp-cron.php?doing_wp_cron=1524580050.5756309032440185546875" "WordPress/4.9.2; http://localhost"
172.20.0.1 - - [24/Apr/2018:14:27:31 +0000] "GET /wp-admin/admin-ajax.php?per_page=7000&action=get_graph&type=company&page=1&reviewed_only=false HTTP/1.1" 200 5 "-" "Mozilla/5.0 (Macintosh; Intel Mac OS X 10.12; rv:59.0) Gecko/20100101 Firefox/59.0"
127.0.0.1 - - [24/Apr/2018:14:27:41 +0000] "POST /wp-cron.php?doing_wp_cron=1524580060.1461999416351318359375 HTTP/1.1" 499 0 "http://localhost/wp-cron.php?doing_wp_cron=1524580060.1461999416351318359375" "WordPress/4.9.2; http://localhost"
172.20.0.1 - - [24/Apr/2018:14:27:41 +0000] "GET /wp-admin/admin-ajax.php?per_page=7000&action=get_graph&type=company&page=1&reviewed_only=false HTTP/1.1" 200 20 "-" "Mozilla/5.0 (Macintosh; Intel Mac OS X 10.12; rv:59.0) Gecko/20100101 Firefox/59.0"
127.0.0.1 - - [24/Apr/2018:14:28:21 +0000] "POST /wp-cron.php?doing_wp_cron=1524580101.0358090400695800781250 HTTP/1.1" 200 5 "http://localhost/wp-cron.php?doing_wp_cron=1524580101.0358090400695800781250" "WordPress/4.9.2; http://localhost"
172.20.0.1 - - [24/Apr/2018:14:28:22 +0000] "GET /wp-admin/admin-ajax.php?per_page=7000&action=get_graph&type=company&page=1&reviewed_only=false HTTP/1.1" 200 20 "-" "Mozilla/5.0 (Macintosh; Intel Mac OS X 10.12; rv:59.0) Gecko/20100101 Firefox/59.0"
127.0.0.1 - - [24/Apr/2018:14:28:42 +0000] "POST /wp-cron.php?doing_wp_cron=1524580121.7990319728851318359375 HTTP/1.1" 200 5 "http://localhost/wp-cron.php?doing_wp_cron=1524580121.7990319728851318359375" "WordPress/4.9.2; http://localhost"
172.20.0.1 - - [24/Apr/2018:14:28:42 +0000] "GET /wp-admin/admin-ajax.php?per_page=7000&action=get_graph&type=company&page=1&reviewed_only=false HTTP/1.1" 200 20 "-" "Mozilla/5.0 (Macintosh; Intel Mac OS X 10.12; rv:59.0) Gecko/20100101 Firefox/59.0"
127.0.0.1 - - [24/Apr/2018:14:28:52 +0000] "POST /wp-cron.php?doing_wp_cron=1524580131.2311060428619384765625 HTTP/1.1" 200 5 "http://localhost/wp-cron.php?doing_wp_cron=1524580131.2311060428619384765625" "WordPress/4.9.2; http://localhost"
172.20.0.1 - - [24/Apr/2018:14:28:52 +0000] "GET /wp-admin/admin-ajax.php?per_page=7000&action=get_graph&type=company&page=1&reviewed_only=false HTTP/1.1" 200 24 "-" "Mozilla/5.0 (Macintosh; Intel Mac OS X 10.12; rv:59.0) Gecko/20100101 Firefox/59.0"
127.0.0.1 - - [24/Apr/2018:14:29:08 +0000] "POST /wp-cron.php?doing_wp_cron=1524580147.1002640724182128906250 HTTP/1.1" 200 5 "http://localhost/wp-cron.php?doing_wp_cron=1524580147.1002640724182128906250" "WordPress/4.9.2; http://localhost"
172.20.0.1 - - [24/Apr/2018:14:29:08 +0000] "GET /wp-admin/admin-ajax.php?per_page=7000&action=get_graph&type=company&page=1&reviewed_only=false HTTP/1.1" 200 20 "-" "Mozilla/5.0 (Macintosh; Intel Mac OS X 10.12; rv:59.0) Gecko/20100101 Firefox/59.0"
127.0.0.1 - - [24/Apr/2018:14:29:21 +0000] "POST /wp-cron.php?doing_wp_cron=1524580160.2010068893432617187500 HTTP/1.1" 200 5 "http://localhost/wp-cron.php?doing_wp_cron=1524580160.2010068893432617187500" "WordPress/4.9.2; http://localhost"
172.20.0.1 - - [24/Apr/2018:14:29:21 +0000] "GET /wp-admin/admin-ajax.php?per_page=7000&action=get_graph&type=company&page=1&reviewed_only=false HTTP/1.1" 200 24 "-" "Mozilla/5.0 (Macintosh; Intel Mac OS X 10.12; rv:59.0) Gecko/20100101 Firefox/59.0"
127.0.0.1 - - [24/Apr/2018:14:29:42 +0000] "POST /wp-cron.php?doing_wp_cron=1524580181.4508268833160400390625 HTTP/1.1" 200 5 "http://localhost/wp-cron.php?doing_wp_cron=1524580181.4508268833160400390625" "WordPress/4.9.2; http://localhost"
172.20.0.1 - - [24/Apr/2018:14:29:42 +0000] "GET /wp-admin/admin-ajax.php?per_page=7000&action=get_graph&type=company&page=1&reviewed_only=false HTTP/1.1" 200 20 "-" "Mozilla/5.0 (Macintosh; Intel Mac OS X 10.12; rv:59.0) Gecko/20100101 Firefox/59.0"
127.0.0.1 - - [24/Apr/2018:14:29:50 +0000] "POST /wp-cron.php?doing_wp_cron=1524580189.4350910186767578125000 HTTP/1.1" 200 5 "http://localhost/wp-cron.php?doing_wp_cron=1524580189.4350910186767578125000" "WordPress/4.9.2; http://localhost"
172.20.0.1 - - [24/Apr/2018:14:29:50 +0000] "GET /wp-admin/admin-ajax.php?per_page=7000&action=get_graph&type=company&page=1&reviewed_only=false HTTP/1.1" 200 20 "-" "Mozilla/5.0 (Macintosh; Intel Mac OS X 10.12; rv:59.0) Gecko/20100101 Firefox/59.0"
127.0.0.1 - - [24/Apr/2018:14:30:04 +0000] "POST /wp-cron.php?doing_wp_cron=1524580203.4583570957183837890625 HTTP/1.1" 200 5 "http://localhost/wp-cron.php?doing_wp_cron=1524580203.4583570957183837890625" "WordPress/4.9.2; http://localhost"
172.20.0.1 - - [24/Apr/2018:14:30:04 +0000] "GET /wp-admin/admin-ajax.php?per_page=7000&action=get_graph&type=company&page=1&reviewed_only=false HTTP/1.1" 200 130 "-" "Mozilla/5.0 (Macintosh; Intel Mac OS X 10.12; rv:59.0) Gecko/20100101 Firefox/59.0"
127.0.0.1 - - [24/Apr/2018:14:30:30 +0000] "POST /wp-cron.php?doing_wp_cron=1524580229.7960970401763916015625 HTTP/1.1" 200 5 "http://localhost/wp-cron.php?doing_wp_cron=1524580229.7960970401763916015625" "WordPress/4.9.2; http://localhost"
127.0.0.1 - - [24/Apr/2018:14:30:32 +0000] "POST /wp-cron.php?doing_wp_cron=1524580231.7461020946502685546875 HTTP/1.1" 499 0 "http://localhost/wp-cron.php?doing_wp_cron=1524580231.7461020946502685546875" "WordPress/4.9.2; http://localhost"
127.0.0.1 - - [24/Apr/2018:14:30:34 +0000] "POST /wp-cron.php?doing_wp_cron=1524580233.8217298984527587890625 HTTP/1.1" 200 5 "http://localhost/wp-cron.php?doing_wp_cron=1524580233.8217298984527587890625" "WordPress/4.9.2; http://localhost"
127.0.0.1 - - [24/Apr/2018:14:30:37 +0000] "POST /wp-cron.php?doing_wp_cron=1524580236.1059319972991943359375 HTTP/1.1" 499 0 "http://localhost/wp-cron.php?doing_wp_cron=1524580236.1059319972991943359375" "WordPress/4.9.2; http://localhost"
127.0.0.1 - - [24/Apr/2018:14:30:39 +0000] "POST /wp-cron.php?doing_wp_cron=1524580238.3157300949096679687500 HTTP/1.1" 499 0 "http://localhost/wp-cron.php?doing_wp_cron=1524580238.3157300949096679687500" "WordPress/4.9.2; http://localhost"
172.20.0.1 - - [24/Apr/2018:14:31:28 +0000] "GET /wp-admin/admin-ajax.php?per_page=7000&action=get_graph&type=company&page=1&reviewed_only=false HTTP/1.1" 504 182 "-" "Mozilla/5.0 (Macintosh; Intel Mac OS X 10.12; rv:59.0) Gecko/20100101 Firefox/59.0"
172.20.0.1 - - [24/Apr/2018:14:31:32 +0000] "POST /authenticate HTTP/1.1" 404 16165 "-" "-"
172.20.0.1 - - [24/Apr/2018:14:31:34 +0000] "POST /authenticate HTTP/1.1" 404 16165 "-" "-"
172.20.0.1 - - [24/Apr/2018:14:31:37 +0000] "POST /authenticate HTTP/1.1" 404 16165 "-" "-"
127.0.0.1 - - [24/Apr/2018:14:31:38 +0000] "POST /wp-cron.php?doing_wp_cron=1524580297.1267910003662109375000 HTTP/1.1" 499 0 "http://localhost/wp-cron.php?doing_wp_cron=1524580297.1267910003662109375000" "WordPress/4.9.2; http://localhost"
127.0.0.1 - - [24/Apr/2018:14:31:39 +0000] "POST /wp-cron.php?doing_wp_cron=1524580298.2132821083068847656250 HTTP/1.1" 499 0 "http://localhost/wp-cron.php?doing_wp_cron=1524580298.2132821083068847656250" "WordPress/4.9.2; http://localhost"
172.20.0.1 - - [24/Apr/2018:14:31:39 +0000] "POST /authenticate HTTP/1.1" 404 16165 "-" "-"
127.0.0.1 - - [24/Apr/2018:14:31:43 +0000] "POST /wp-cron.php?doing_wp_cron=1524580302.4705109596252441406250 HTTP/1.1" 499 0 "http://localhost/wp-cron.php?doing_wp_cron=1524580302.4705109596252441406250" "WordPress/4.9.2; http://localhost"
172.20.0.1 - - [24/Apr/2018:14:32:38 +0000] "POST /authenticate HTTP/1.1" 404 16165 "-" "-"
172.20.0.1 - - [24/Apr/2018:14:32:39 +0000] "GET /companies/?page=1&per_page=7000&reviewed_only=false&show_path=1 HTTP/1.1" 404 16165 "-" "-"
172.20.0.1 - - [24/Apr/2018:14:32:39 +0000] "POST /authenticate HTTP/1.1" 504 182 "-" "-"
127.0.0.1 - - [24/Apr/2018:14:32:40 +0000] "POST /wp-cron.php?doing_wp_cron=1524580359.1971819400787353515625 HTTP/1.1" 499 0 "http://localhost/wp-cron.php?doing_wp_cron=1524580359.1971819400787353515625" "WordPress/4.9.2; http://localhost"
172.20.0.1 - - [24/Apr/2018:14:32:40 +0000] "GET / HTTP/1.1" 499 0 "-" "curl/7.38.0"
127.0.0.1 - - [24/Apr/2018:14:32:42 +0000] "POST /wp-cron.php?doing_wp_cron=1524580361.7081689834594726562500 HTTP/1.1" 499 0 "http://localhost/wp-cron.php?doing_wp_cron=1524580361.7081689834594726562500" "WordPress/4.9.2; http://localhost"
127.0.0.1 - - [24/Apr/2018:14:32:42 +0000] "POST /wp-cron.php?doing_wp_cron=1524580361.7081770896911621093750 HTTP/1.1" 499 0 "http://localhost/wp-cron.php?doing_wp_cron=1524580361.7081770896911621093750" "WordPress/4.9.2; http://localhost"
172.20.0.1 - - [24/Apr/2018:14:32:43 +0000] "POST /authenticate HTTP/1.1" 404 16165 "-" "-"
172.20.0.1 - - [24/Apr/2018:14:32:55 +0000] "GET /wp-admin/admin-ajax.php?per_page=7000&action=get_graph&type=company&page=1&reviewed_only=false HTTP/1.1" 504 182 "-" "Mozilla/5.0 (Macintosh; Intel Mac OS X 10.12; rv:59.0) Gecko/20100101 Firefox/59.0"
172.20.0.1 - - [24/Apr/2018:14:33:39 +0000] "GET /global/global_date_data HTTP/1.1" 504 182 "-" "-"
127.0.0.1 - - [24/Apr/2018:14:33:41 +0000] "POST /wp-cron.php?doing_wp_cron=1524580420.2009630203247070312500 HTTP/1.1" 499 0 "http://localhost/wp-cron.php?doing_wp_cron=1524580420.2009630203247070312500" "WordPress/4.9.2; http://localhost"
172.20.0.1 - - [24/Apr/2018:14:33:42 +0000] "POST /authenticate HTTP/1.1" 504 182 "-" "-"
172.20.0.1 - - [24/Apr/2018:14:33:42 +0000] "POST /authenticate HTTP/1.1" 404 16165 "-" "-"
172.20.0.1 - - [24/Apr/2018:14:33:42 +0000] "POST /authenticate HTTP/1.1" 504 182 "-" "-"
172.20.0.1 - - [24/Apr/2018:14:33:43 +0000] "GET /global/global_date_data HTTP/1.1" 504 182 "-" "-"
127.0.0.1 - - [24/Apr/2018:14:33:44 +0000] "POST /wp-cron.php?doing_wp_cron=1524580423.4816451072692871093750 HTTP/1.1" 499 0 "http://localhost/wp-cron.php?doing_wp_cron=1524580423.4816451072692871093750" "WordPress/4.9.2; http://localhost"
127.0.0.1 - - [24/Apr/2018:14:33:48 +0000] "POST /wp-cron.php?doing_wp_cron=1524580427.3306419849395751953125 HTTP/1.1" 499 0 "http://localhost/wp-cron.php?doing_wp_cron=1524580427.3306419849395751953125" "WordPress/4.9.2; http://localhost"
127.0.0.1 - - [24/Apr/2018:14:33:49 +0000] "POST /wp-cron.php?doing_wp_cron=1524580428.2317550182342529296875 HTTP/1.1" 499 0 "http://localhost/wp-cron.php?doing_wp_cron=1524580428.2317550182342529296875" "WordPress/4.9.2; http://localhost"
127.0.0.1 - - [24/Apr/2018:14:33:51 +0000] "POST /wp-cron.php?doing_wp_cron=1524580430.0171220302581787109375 HTTP/1.1" 499 0 "http://localhost/wp-cron.php?doing_wp_cron=1524580430.0171220302581787109375" "WordPress/4.9.2; http://localhost"
127.0.0.1 - - [24/Apr/2018:14:33:52 +0000] "POST /wp-cron.php?doing_wp_cron=1524580431.1274080276489257812500 HTTP/1.1" 499 0 "http://localhost/wp-cron.php?doing_wp_cron=1524580431.1274080276489257812500" "WordPress/4.9.2; http://localhost"
172.20.0.1 - - [24/Apr/2018:14:33:52 +0000] "GET /wp-admin/admin-ajax.php?per_page=7000&action=get_graph&type=company&page=1&reviewed_only=false HTTP/1.1" 200 20 "-" "Mozilla/5.0 (Macintosh; Intel Mac OS X 10.12; rv:59.0) Gecko/20100101 Firefox/59.0"
127.0.0.1 - - [24/Apr/2018:14:33:55 +0000] "POST /wp-cron.php?doing_wp_cron=1524580434.8442258834838867187500 HTTP/1.1" 499 0 "http://localhost/wp-cron.php?doing_wp_cron=1524580434.8442258834838867187500" "WordPress/4.9.2; http://localhost"
127.0.0.1 - - [24/Apr/2018:14:33:55 +0000] "POST /wp-cron.php?doing_wp_cron=1524580434.8890221118927001953125 HTTP/1.1" 499 0 "http://localhost/wp-cron.php?doing_wp_cron=1524580434.8890221118927001953125" "WordPress/4.9.2; http://localhost"
172.20.0.1 - - [24/Apr/2018:14:33:56 +0000] "GET /global/global_date_data HTTP/1.1" 404 27915 "-" "-"
172.20.0.1 - - [24/Apr/2018:14:33:56 +0000] "GET /companies/?page=1&per_page=7000&reviewed_only=false&show_path=1 HTTP/1.1" 404 27915 "-" "-"
127.0.0.1 - - [24/Apr/2018:14:33:59 +0000] "POST /wp-cron.php?doing_wp_cron=1524580438.6343610286712646484375 HTTP/1.1" 499 0 "http://localhost/wp-cron.php?doing_wp_cron=1524580438.6343610286712646484375" "WordPress/4.9.2; http://localhost"
172.20.0.1 - - [24/Apr/2018:14:34:00 +0000] "GET /global/global_date_data HTTP/1.1" 404 27915 "-" "-"
127.0.0.1 - - [24/Apr/2018:14:34:31 +0000] "POST /wp-cron.php?doing_wp_cron=1524580470.8571391105651855468750 HTTP/1.1" 200 5 "http://localhost/wp-cron.php?doing_wp_cron=1524580470.8571391105651855468750" "WordPress/4.9.2; http://localhost"
172.20.0.1 - - [24/Apr/2018:14:34:32 +0000] "GET /wp-admin/admin-ajax.php?per_page=7000&action=get_graph&type=company&page=1&reviewed_only=false HTTP/1.1" 200 152 "-" "Mozilla/5.0 (Macintosh; Intel Mac OS X 10.12; rv:59.0) Gecko/20100101 Firefox/59.0"
127.0.0.1 - - [24/Apr/2018:14:34:36 +0000] "POST /wp-cron.php?doing_wp_cron=1524580475.5934450626373291015625 HTTP/1.1" 499 0 "http://localhost/wp-cron.php?doing_wp_cron=1524580475.5934450626373291015625" "WordPress/4.9.2; http://localhost"
172.20.0.1 - - [24/Apr/2018:14:34:36 +0000] "GET /wp-admin/admin-ajax.php?per_page=7000&action=get_graph&type=company&page=1&reviewed_only=false HTTP/1.1" 200 152 "-" "Mozilla/5.0 (Macintosh; Intel Mac OS X 10.12; rv:59.0) Gecko/20100101 Firefox/59.0"
127.0.0.1 - - [24/Apr/2018:14:34:59 +0000] "POST /wp-cron.php?doing_wp_cron=1524580498.5720360279083251953125 HTTP/1.1" 499 0 "http://localhost/wp-cron.php?doing_wp_cron=1524580498.5720360279083251953125" "WordPress/4.9.2; http://localhost"
172.20.0.1 - - [24/Apr/2018:14:34:59 +0000] "GET /wp-admin/admin-ajax.php?per_page=7000&action=get_graph&type=company&page=1&reviewed_only=false HTTP/1.1" 200 152 "-" "Mozilla/5.0 (Macintosh; Intel Mac OS X 10.12; rv:59.0) Gecko/20100101 Firefox/59.0"
127.0.0.1 - - [24/Apr/2018:14:35:10 +0000] "POST /wp-cron.php?doing_wp_cron=1524580509.8593740463256835937500 HTTP/1.1" 499 0 "http://localhost/wp-cron.php?doing_wp_cron=1524580509.8593740463256835937500" "WordPress/4.9.2; http://localhost"
172.20.0.1 - - [24/Apr/2018:14:35:11 +0000] "GET /wp-admin/admin-ajax.php?per_page=7000&action=get_graph&type=company&page=1&reviewed_only=false HTTP/1.1" 200 152 "-" "Mozilla/5.0 (Macintosh; Intel Mac OS X 10.12; rv:59.0) Gecko/20100101 Firefox/59.0"
127.0.0.1 - - [24/Apr/2018:14:36:46 +0000] "POST /wp-cron.php?doing_wp_cron=1524580605.3241779804229736328125 HTTP/1.1" 499 0 "http://localhost/wp-cron.php?doing_wp_cron=1524580605.3241779804229736328125" "WordPress/4.9.2; http://localhost"
172.20.0.1 - - [24/Apr/2018:14:36:53 +0000] "GET /wp-admin/admin-ajax.php?per_page=7000&action=get_graph&type=company&page=1&reviewed_only=false HTTP/1.1" 200 112715 "-" "Mozilla/5.0 (Macintosh; Intel Mac OS X 10.12; rv:59.0) Gecko/20100101 Firefox/59.0"
127.0.0.1 - - [24/Apr/2018:14:37:00 +0000] "POST /wp-cron.php?doing_wp_cron=1524580619.5455338954925537109375 HTTP/1.1" 499 0 "http://localhost/wp-cron.php?doing_wp_cron=1524580619.5455338954925537109375" "WordPress/4.9.2; http://localhost"
172.20.0.1 - - [24/Apr/2018:14:37:00 +0000] "GET /wp-content/themes/networkmap/css/vendor/font-awesome/font-awesome.css?ver=4.6.5 HTTP/1.1" 200 36743 "http://localhost/explore/" "Mozilla/5.0 (Macintosh; Intel Mac OS X 10.12; rv:59.0) Gecko/20100101 Firefox/59.0"
172.20.0.1 - - [24/Apr/2018:14:37:00 +0000] "GET /wp-content/themes/networkmap/css/vendor/jquery-ui.min.css?ver=1.2.3 HTTP/1.1" 200 32076 "http://localhost/explore/" "Mozilla/5.0 (Macintosh; Intel Mac OS X 10.12; rv:59.0) Gecko/20100101 Firefox/59.0"
172.20.0.1 - - [24/Apr/2018:14:37:00 +0000] "GET /wp-content/themes/networkmap/css/vendor/tooltipster.bundle.min.css?ver=1.0.0 HTTP/1.1" 200 6495 "http://localhost/explore/" "Mozilla/5.0 (Macintosh; Intel Mac OS X 10.12; rv:59.0) Gecko/20100101 Firefox/59.0"
172.20.0.1 - - [24/Apr/2018:14:37:00 +0000] "GET /wp-content/themes/networkmap/css/nm-icons.css?ver=1.1.6 HTTP/1.1" 200 1078 "http://localhost/explore/" "Mozilla/5.0 (Macintosh; Intel Mac OS X 10.12; rv:59.0) Gecko/20100101 Firefox/59.0"
172.20.0.1 - - [24/Apr/2018:14:37:00 +0000] "GET /wp-content/themes/networkmap/css/vendor//bootstrap-table.css?ver=4.6.3 HTTP/1.1" 200 6984 "http://localhost/explore/" "Mozilla/5.0 (Macintosh; Intel Mac OS X 10.12; rv:59.0) Gecko/20100101 Firefox/59.0"
172.20.0.1 - - [24/Apr/2018:14:37:00 +0000] "GET /wp-content/themes/networkmap/css/vendor/alchemy.min.css?ver=0.4.2 HTTP/1.1" 200 11861 "http://localhost/explore/" "Mozilla/5.0 (Macintosh; Intel Mac OS X 10.12; rv:59.0) Gecko/20100101 Firefox/59.0"
172.20.0.1 - - [24/Apr/2018:14:37:00 +0000] "GET /wp-content/themes/networkmap/css/vendor/jquery.modal.css?ver=1.2.3 HTTP/1.1" 200 18502 "http://localhost/explore/" "Mozilla/5.0 (Macintosh; Intel Mac OS X 10.12; rv:59.0) Gecko/20100101 Firefox/59.0"
172.20.0.1 - - [24/Apr/2018:14:37:00 +0000] "GET /wp-content/themes/networkmap/css/vendor/vendor.css?ver=0.4.1 HTTP/1.1" 200 99349 "http://localhost/explore/" "Mozilla/5.0 (Macintosh; Intel Mac OS X 10.12; rv:59.0) Gecko/20100101 Firefox/59.0"
172.20.0.1 - - [24/Apr/2018:14:37:00 +0000] "GET /wp-content/themes/networkmap/css/style.css?ver=1.1.6 HTTP/1.1" 200 229998 "http://localhost/explore/" "Mozilla/5.0 (Macintosh; Intel Mac OS X 10.12; rv:59.0) Gecko/20100101 Firefox/59.0"
172.20.0.1 - - [24/Apr/2018:14:37:00 +0000] "GET /wp-content/themes/networkmap/js/react-dom.min.js?ver=1.6.1 HTTP/1.1" 200 706 "http://localhost/explore/" "Mozilla/5.0 (Macintosh; Intel Mac OS X 10.12; rv:59.0) Gecko/20100101 Firefox/59.0"
172.20.0.1 - - [24/Apr/2018:14:37:00 +0000] "GET /wp-content/themes/networkmap/js/sigma/sigma.min.js?ver=1.2.0 HTTP/1.1" 200 115618 "http://localhost/explore/" "Mozilla/5.0 (Macintosh; Intel Mac OS X 10.12; rv:59.0) Gecko/20100101 Firefox/59.0"
172.20.0.1 - - [24/Apr/2018:14:37:00 +0000] "GET /wp-content/themes/networkmap/js/sigma/plugins/sigma.plugins.animate.min.js?ver=4.9.2 HTTP/1.1" 200 1982 "http://localhost/explore/" "Mozilla/5.0 (Macintosh; Intel Mac OS X 10.12; rv:59.0) Gecko/20100101 Firefox/59.0"
172.20.0.1 - - [24/Apr/2018:14:37:00 +0000] "GET /wp-content/themes/networkmap/js/sigma/plugins/sigma.layout.forceAtlas2.min.js?ver=4.9.2 HTTP/1.1" 200 11585 "http://localhost/explore/" "Mozilla/5.0 (Macintosh; Intel Mac OS X 10.12; rv:59.0) Gecko/20100101 Firefox/59.0"
172.20.0.1 - - [24/Apr/2018:14:37:00 +0000] "GET /wp-content/themes/networkmap/js/migrate.min.js?ver=3.3.5 HTTP/1.1" 200 7085 "http://localhost/explore/" "Mozilla/5.0 (Macintosh; Intel Mac OS X 10.12; rv:59.0) Gecko/20100101 Firefox/59.0"
172.20.0.1 - - [24/Apr/2018:14:37:00 +0000] "GET /wp-content/themes/networkmap/js/bootstrap.min.js?ver=3.3.5 HTTP/1.1" 200 36920 "http://localhost/explore/" "Mozilla/5.0 (Macintosh; Intel Mac OS X 10.12; rv:59.0) Gecko/20100101 Firefox/59.0"
172.20.0.1 - - [24/Apr/2018:14:37:00 +0000] "GET /wp-content/themes/networkmap/js/jquery.plugin.js?ver=3.3.6 HTTP/1.1" 200 7307 "http://localhost/explore/" "Mozilla/5.0 (Macintosh; Intel Mac OS X 10.12; rv:59.0) Gecko/20100101 Firefox/59.0"
172.20.0.1 - - [24/Apr/2018:14:37:00 +0000] "GET /wp-content/themes/networkmap/js/jquery.debouncedresize.js?ver=3.3.5 HTTP/1.1" 200 346 "http://localhost/explore/" "Mozilla/5.0 (Macintosh; Intel Mac OS X 10.12; rv:59.0) Gecko/20100101 Firefox/59.0"
172.20.0.1 - - [24/Apr/2018:14:37:00 +0000] "GET /wp-content/themes/networkmap/js/bootstrap-table.js?ver=0.4.2 HTTP/1.1" 200 107869 "http://localhost/explore/" "Mozilla/5.0 (Macintosh; Intel Mac OS X 10.12; rv:59.0) Gecko/20100101 Firefox/59.0"
172.20.0.1 - - [24/Apr/2018:14:37:00 +0000] "GET /wp-content/themes/networkmap/js/jquery.modal.js?ver=1.2.3 HTTP/1.1" 200 8926 "http://localhost/explore/" "Mozilla/5.0 (Macintosh; Intel Mac OS X 10.12; rv:59.0) Gecko/20100101 Firefox/59.0"
172.20.0.1 - - [24/Apr/2018:14:37:00 +0000] "GET /wp-content/themes/networkmap/js/Chart.min.js?ver=2.5.0 HTTP/1.1" 200 152638 "http://localhost/explore/" "Mozilla/5.0 (Macintosh; Intel Mac OS X 10.12; rv:59.0) Gecko/20100101 Firefox/59.0"
172.20.0.1 - - [24/Apr/2018:14:37:00 +0000] "GET /wp-content/themes/networkmap/js/vis.min.js?ver=4.18.1 HTTP/1.1" 200 660032 "http://localhost/explore/" "Mozilla/5.0 (Macintosh; Intel Mac OS X 10.12; rv:59.0) Gecko/20100101 Firefox/59.0"
172.20.0.1 - - [24/Apr/2018:14:37:00 +0000] "GET /wp-content/themes/networkmap/js/cytoscape.min.js?ver=2.7.15 HTTP/1.1" 200 301985 "http://localhost/explore/" "Mozilla/5.0 (Macintosh; Intel Mac OS X 10.12; rv:59.0) Gecko/20100101 Firefox/59.0"
172.20.0.1 - - [24/Apr/2018:14:37:00 +0000] "GET /wp-content/themes/networkmap/js/cola.v3.min.js?ver=2.7.15 HTTP/1.1" 200 60375 "http://localhost/explore/" "Mozilla/5.0 (Macintosh; Intel Mac OS X 10.12; rv:59.0) Gecko/20100101 Firefox/59.0"
172.20.0.1 - - [24/Apr/2018:14:37:00 +0000] "GET /wp-content/themes/networkmap/js/cytoscape-cola.js?ver=2.7.15 HTTP/1.1" 200 15891 "http://localhost/explore/" "Mozilla/5.0 (Macintosh; Intel Mac OS X 10.12; rv:59.0) Gecko/20100101 Firefox/59.0"
172.20.0.1 - - [24/Apr/2018:14:37:00 +0000] "GET /wp-content/themes/networkmap/js/cytoscape-spread.js?ver=2.7.15 HTTP/1.1" 200 242523 "http://localhost/explore/" "Mozilla/5.0 (Macintosh; Intel Mac OS X 10.12; rv:59.0) Gecko/20100101 Firefox/59.0"
172.20.0.1 - - [24/Apr/2018:14:37:00 +0000] "GET /wp-content/themes/networkmap/js/jquery.validate.min.js?ver=1.14.0 HTTP/1.1" 200 21090 "http://localhost/explore/" "Mozilla/5.0 (Macintosh; Intel Mac OS X 10.12; rv:59.0) Gecko/20100101 Firefox/59.0"
172.20.0.1 - - [24/Apr/2018:14:37:00 +0000] "GET /wp-content/themes/networkmap/js/loader.js?ver=1.14.0 HTTP/1.1" 200 109586 "http://localhost/explore/" "Mozilla/5.0 (Macintosh; Intel Mac OS X 10.12; rv:59.0) Gecko/20100101 Firefox/59.0"
172.20.0.1 - - [24/Apr/2018:14:37:00 +0000] "GET /wp-content/themes/networkmap/js/react.min.js?ver=1.6.1 HTTP/1.1" 200 135618 "http://localhost/explore/" "Mozilla/5.0 (Macintosh; Intel Mac OS X 10.12; rv:59.0) Gecko/20100101 Firefox/59.0"
172.20.0.1 - - [24/Apr/2018:14:37:00 +0000] "GET /wp-content/themes/networkmap/js/jquery.scrollTo.min.js?ver=1.14.0 HTTP/1.1" 200 2261 "http://localhost/explore/" "Mozilla/5.0 (Macintosh; Intel Mac OS X 10.12; rv:59.0) Gecko/20100101 Firefox/59.0"
172.20.0.1 - - [24/Apr/2018:14:37:00 +0000] "GET /wp-content/themes/networkmap/js/jquery.matchHeight.js?ver=1.14.0 HTTP/1.1" 200 3027 "http://localhost/explore/" "Mozilla/5.0 (Macintosh; Intel Mac OS X 10.12; rv:59.0) Gecko/20100101 Firefox/59.0"
172.20.0.1 - - [24/Apr/2018:14:37:00 +0000] "GET /wp-content/themes/networkmap/js/typed.min.js?ver=1.14.0 HTTP/1.1" 200 3949 "http://localhost/explore/" "Mozilla/5.0 (Macintosh; Intel Mac OS X 10.12; rv:59.0) Gecko/20100101 Firefox/59.0"
172.20.0.1 - - [24/Apr/2018:14:37:00 +0000] "GET /wp-content/themes/networkmap/js/jquery.cookie.js?ver=1.14.0 HTTP/1.1" 200 3140 "http://localhost/explore/" "Mozilla/5.0 (Macintosh; Intel Mac OS X 10.12; rv:59.0) Gecko/20100101 Firefox/59.0"
